C:\Users\seech\Documents\MCUXpressoIDE_11.7.1_9221\workspace\FINAL\CMSIS/core_cm0plus.h:733:22:__NVIC_EnableIRQ	16	static
C:\Users\seech\Documents\MCUXpressoIDE_11.7.1_9221\workspace\FINAL\drivers/fsl_common.h:405:28:EnableIRQ	16	static
C:\Users\seech\Documents\MCUXpressoIDE_11.7.1_9221\workspace\FINAL\drivers/fsl_adc16.h:386:20:ADC16_EnableHardwareTrigger	16	static
C:\Users\seech\Documents\MCUXpressoIDE_11.7.1_9221\workspace\FINAL\drivers/fsl_adc16.h:504:24:ADC16_GetChannelConversionValue	16	static
../source/main.c:42:6:ADC_Init	24	static
../source/main.c:63:6:ADC0_IRQHandler	8	static
../source/main.c:70:5:main	32	static
